2026-05-28 16:56:32,397 - data_ingestion - ERROR - File not found: params.yaml
2026-05-28 16:56:32,397 - data_ingestion - ERROR - Failed to complete the data ingestion process: [Errno 2] No such file or directory: 'params.yaml'
2026-05-28 16:57:32,688 - data_ingestion - ERROR - File not found: params.yaml
2026-05-28 16:57:32,689 - data_ingestion - ERROR - Failed to complete the data ingestion process: [Errno 2] No such file or directory: 'params.yaml'
2026-05-28 16:58:26,821 - data_ingestion - ERROR - File not found: params.yaml
2026-05-28 16:58:26,821 - data_ingestion - ERROR - Failed to complete the data ingestion process: [Errno 2] No such file or directory: 'params.yaml'
2026-05-28 17:36:22,141 - data_ingestion - DEBUG - Parameters retrieved from params.yaml
2026-05-28 17:36:22,856 - data_ingestion - DEBUG - Data loaded from https://raw.githubusercontent.com/SauravNigam01/Dataset/refs/heads/main/spam.csv
2026-05-28 17:36:22,861 - data_ingestion - DEBUG - Data preprocessing completed
2026-05-28 17:36:22,913 - data_ingestion - DEBUG - Train and test data saved to ./data\raw
2026-05-31 17:29:32,284 - data_ingestion - DEBUG - Parameters retrieved from params.yaml
2026-05-31 17:29:32,969 - data_ingestion - DEBUG - Data loaded from https://raw.githubusercontent.com/SauravNigam01/Dataset/refs/heads/main/spam.csv
2026-05-31 17:29:32,994 - data_ingestion - DEBUG - Data preprocessing completed
2026-05-31 17:29:33,021 - data_ingestion - DEBUG - Train and test data saved to ./data\raw
2026-05-31 17:32:34,346 - data_ingestion - DEBUG - Parameters retrieved from params.yaml
2026-05-31 17:32:34,750 - data_ingestion - DEBUG - Data loaded from https://raw.githubusercontent.com/SauravNigam01/Dataset/refs/heads/main/spam.csv
2026-05-31 17:32:34,752 - data_ingestion - DEBUG - Data preprocessing completed
2026-05-31 17:32:34,766 - data_ingestion - DEBUG - Train and test data saved to ./data\raw
2026-05-31 17:33:09,319 - data_ingestion - DEBUG - Parameters retrieved from params.yaml
2026-05-31 17:33:09,750 - data_ingestion - DEBUG - Data loaded from https://raw.githubusercontent.com/SauravNigam01/Dataset/refs/heads/main/spam.csv
2026-05-31 17:33:09,751 - data_ingestion - DEBUG - Data preprocessing completed
2026-05-31 17:33:09,766 - data_ingestion - DEBUG - Train and test data saved to ./data\raw
2026-05-31 17:34:27,664 - data_ingestion - DEBUG - Parameters retrieved from params.yaml
2026-05-31 17:34:27,985 - data_ingestion - DEBUG - Data loaded from https://raw.githubusercontent.com/SauravNigam01/Dataset/refs/heads/main/spam.csv
2026-05-31 17:34:27,987 - data_ingestion - DEBUG - Data preprocessing completed
2026-05-31 17:34:28,001 - data_ingestion - DEBUG - Train and test data saved to ./data\raw
2026-05-31 17:36:29,676 - data_ingestion - DEBUG - Parameters retrieved from params.yaml
2026-05-31 17:36:30,226 - data_ingestion - DEBUG - Data loaded from https://raw.githubusercontent.com/SauravNigam01/Dataset/refs/heads/main/spam.csv
2026-05-31 17:36:30,228 - data_ingestion - DEBUG - Data preprocessing completed
2026-05-31 17:36:30,241 - data_ingestion - DEBUG - Train and test data saved to ./data\raw
2026-05-31 17:36:53,128 - data_ingestion - DEBUG - Parameters retrieved from params.yaml
2026-05-31 17:36:53,609 - data_ingestion - DEBUG - Data loaded from https://raw.githubusercontent.com/SauravNigam01/Dataset/refs/heads/main/spam.csv
2026-05-31 17:36:53,611 - data_ingestion - DEBUG - Data preprocessing completed
2026-05-31 17:36:53,625 - data_ingestion - DEBUG - Train and test data saved to ./data\raw
